// Jest Snapshot v1, https://goo.gl/fbAQLP

exports[`CardDetail should match the snapshot with all data passed in correctly 1`] = `
<div
  className="card-detail"
>
  <div
    className="details"
  >
    <Link
      to="/"
    >
      <button
        className="back-btn"
      >
        BACK
      </button>
    </Link>
    <h2>
      Nashvegas
    </h2>
    <h4>
      Nashville
    </h4>
    <h2>
      I know. It is so dumb
    </h2>
  </div>
</div>
`;
