// Jest Snapshot v1, https://goo.gl/fbAQLP

exports[`App should match the snapshot with all data passed in correctly 1`] = `
<div
  className="App"
>
  <Header />
  <Switch>
    <Route
      component={
        Object {
          "$$typeof": Symbol(react.memo),
          "WrappedComponent": [Function],
          "compare": null,
          "displayName": "Connect(CardContainer)",
          "type": [Function],
          Symbol(Symbol.hasInstance): [Function],
        }
      }
      path="/"
    />
    <Route
      path="/:id"
      render={[Function]}
    />
    /&gt;
  </Switch>
</div>
`;
